[debug] [2026-07-30T07:51:57.690Z] ----------------------------------------------------------------------
[debug] [2026-07-30T07:51:57.692Z] Command:       C:\Program Files\nodejs\node.exe C:\Users\Hp\AppData\Roaming\npm\node_modules\firebase-tools\lib\bin\firebase.js deploy
[debug] [2026-07-30T07:51:57.693Z] CLI Version:   15.24.0
[debug] [2026-07-30T07:51:57.693Z] Platform:      win32
[debug] [2026-07-30T07:51:57.693Z] Node Version:  v24.18.0
[debug] [2026-07-30T07:51:57.693Z] Detected Agent: unknown
[debug] [2026-07-30T07:51:57.693Z] Time:          Thu Jul 30 2026 12:51:57 GMT+0500 (Pakistan Standard Time)
[debug] [2026-07-30T07:51:57.693Z] ----------------------------------------------------------------------
[debug] 
[debug] [2026-07-30T07:51:59.991Z] > command requires scopes: ["email","openid","https://www.googleapis.com/auth/cloudplatformprojects.readonly","https://www.googleapis.com/auth/firebase","https://www.googleapis.com/auth/cloud-platform"]
[debug] [2026-07-30T07:51:59.991Z] > authorizing via signed-in user (webseriesworldoff@gmail.com)
[debug] [2026-07-30T07:51:59.991Z] [iam] checking project sub-hub-d948f for permissions ["firebase.projects.get","firebasehosting.sites.update"]
[debug] [2026-07-30T07:52:00.002Z] Checked if tokens are valid: false, expires at: 1785397577833
[debug] [2026-07-30T07:52:00.002Z] Checked if tokens are valid: false, expires at: 1785397577833
[debug] [2026-07-30T07:52:00.003Z] > refreshing access token with scopes: []
[debug] [2026-07-30T07:52:00.005Z] >>> [apiv2][query] POST https://www.googleapis.com/oauth2/v3/token [none]
[debug] [2026-07-30T07:52:00.005Z] >>> [apiv2][body] POST https://www.googleapis.com/oauth2/v3/token [omitted]
[debug] [2026-07-30T07:52:11.809Z] *** [apiv2] error from fetch(https://www.googleapis.com/oauth2/v3/token, {"headers":{},"method":"POST","body":{"type":"Buffer","data":[45,45,45,45,45,45,45,45,45,45,45,45,45,45,45,45,45,45,45,45,45,45,45,45,45,45,45,45,97,53,97,101,55,98,56,50,99,99,102,49,102,52,100,48,99,57,97,49,53,56,52,49,13,10,67,111,110,116,101,110,116,45,68,105,115,112,111,115,105,116,105,111,110,58,32,102,111,114,109,45,100,97,116,97,59,32,110,97,109,101,61,34,114,101,102,114,101,115,104,95,116,111,107,101,110,34,13,10,13,10,49,47,47,48,51,84,100,82,79,87,102,80,66,119,103,111,67,103,89,73,65,82,65,65,71,65,77,83,78,119,70,45,76,57,73,114,121,88,65,69,66,82,79,66,51,49,101,88,84,122,80,107,52,95,83,118,66,95,76,56,50,122,121,84,56,56,49,78,102,114,97,118,90,76,51,107,116,103,84,98,109,120,110,48,100,121,111,85,74,112,121,53,95,54,86,103,97,111,73,65,50,74,111,13,10,45,45,45,45,45,45,45,45,45,45,45,45,45,45,45,45,45,45,45,45,45,45,45,45,45,45,45,45,97,53,97,101,55,98,56,50,99,99,102,49,102,52,100,48,99,57,97,49,53,56,52,49,13,10,67,111,110,116,101,110,116,45,68,105,115,112,111,115,105,116,105,111,110,58,32,102,111,114,109,45,100,97,116,97,59,32,110,97,109,101,61,34,99,108,105,101,110,116,95,105,100,34,13,10,13,10,53,54,51,53,56,52,51,51,53,56,54,57,45,102,103,114,104,103,109,100,52,55,98,113,110,101,107,105,106,53,105,56,98,53,112,114,48,51,104,111,56,52,57,101,54,46,97,112,112,115,46,103,111,111,103,108,101,117,115,101,114,99,111,110,116,101,110,116,46,99,111,109,13,10,45,45,45,45,45,45,45,45,45,45,45,45,45,45,45,45,45,45,45,45,45,45,45,45,45,45,45,45,97,53,97,101,55,98,56,50,99,99,102,49,102,52,100,48,99,57,97,49,53,56,52,49,13,10,67,111,110,116,101,110,116,45,68,105,115,112,111,115,105,116,105,111,110,58,32,102,111,114,109,45,100,97,116,97,59,32,110,97,109,101,61,34,99,108,105,101,110,116,95,115,101,99,114,101,116,34,13,10,13,10,106,57,105,86,90,102,83,56,107,107,67,69,70,85,80,97,65,101,74,86,48,115,65,105,13,10,45,45,45,45,45,45,45,45,45,45,45,45,45,45,45,45,45,45,45,45,45,45,45,45,45,45,45,45,97,53,97,101,55,98,56,50,99,99,102,49,102,52,100,48,99,57,97,49,53,56,52,49,13,10,67,111,110,116,101,110,116,45,68,105,115,112,111,115,105,116,105,111,110,58,32,102,111,114,109,45,100,97,116,97,59,32,110,97,109,101,61,34,103,114,97,110,116,95,116,121,112,101,34,13,10,13,10,114,101,102,114,101,115,104,95,116,111,107,101,110,13,10,45,45,45,45,45,45,45,45,45,45,45,45,45,45,45,45,45,45,45,45,45,45,45,45,45,45,45,45,97,53,97,101,55,98,56,50,99,99,102,49,102,52,100,48,99,57,97,49,53,56,52,49,13,10,67,111,110,116,101,110,116,45,68,105,115,112,111,115,105,116,105,111,110,58,32,102,111,114,109,45,100,97,116,97,59,32,110,97,109,101,61,34,115,99,111,112,101,34,13,10,13,10,13,10,45,45,45,45,45,45,45,45,45,45,45,45,45,45,45,45,45,45,45,45,45,45,45,45,45,45,45,45,97,53,97,101,55,98,56,50,99,99,102,49,102,52,100,48,99,57,97,49,53,56,52,49,45,45,13,10]}}): ConnectTimeoutError: Connect Timeout Error (attempted address: www.googleapis.com:443, timeout: 10000ms)
[error] Authentication Error: Your credentials are no longer valid. Please run firebase login --reauth

For CI servers and headless environments, generate a new token with firebase login:ci
[debug] [2026-07-30T07:52:11.811Z] [iam] error while checking permissions, command may fail: Authentication Error: Your credentials are no longer valid. Please run firebase login --reauth

For CI servers and headless environments, generate a new token with firebase login:ci
[debug] [2026-07-30T07:52:11.811Z] Checked if tokens are valid: false, expires at: 1785397577833
[debug] [2026-07-30T07:52:11.811Z] Checked if tokens are valid: false, expires at: 1785397577833
[debug] [2026-07-30T07:52:11.812Z] > refreshing access token with scopes: []
[debug] [2026-07-30T07:52:11.812Z] >>> [apiv2][query] POST https://www.googleapis.com/oauth2/v3/token [none]
[debug] [2026-07-30T07:52:11.812Z] >>> [apiv2][body] POST https://www.googleapis.com/oauth2/v3/token [omitted]
[debug] [2026-07-30T07:52:12.067Z] *** [apiv2] error from fetch(https://www.googleapis.com/oauth2/v3/token, {"headers":{},"method":"POST","body":{"type":"Buffer","data":[45,45,45,45,45,45,45,45,45,45,45,45,45,45,45,45,45,45,45,45,45,45,45,45,45,45,45,45,98,99,57,99,51,99,97,53,50,49,99,52,100,55,99,102,52,97,55,49,54,54,48,56,13,10,67,111,110,116,101,110,116,45,68,105,115,112,111,115,105,116,105,111,110,58,32,102,111,114,109,45,100,97,116,97,59,32,110,97,109,101,61,34,114,101,102,114,101,115,104,95,116,111,107,101,110,34,13,10,13,10,49,47,47,48,51,84,100,82,79,87,102,80,66,119,103,111,67,103,89,73,65,82,65,65,71,65,77,83,78,119,70,45,76,57,73,114,121,88,65,69,66,82,79,66,51,49,101,88,84,122,80,107,52,95,83,118,66,95,76,56,50,122,121,84,56,56,49,78,102,114,97,118,90,76,51,107,116,103,84,98,109,120,110,48,100,121,111,85,74,112,121,53,95,54,86,103,97,111,73,65,50,74,111,13,10,45,45,45,45,45,45,45,45,45,45,45,45,45,45,45,45,45,45,45,45,45,45,45,45,45,45,45,45,98,99,57,99,51,99,97,53,50,49,99,52,100,55,99,102,52,97,55,49,54,54,48,56,13,10,67,111,110,116,101,110,116,45,68,105,115,112,111,115,105,116,105,111,110,58,32,102,111,114,109,45,100,97,116,97,59,32,110,97,109,101,61,34,99,108,105,101,110,116,95,105,100,34,13,10,13,10,53,54,51,53,56,52,51,51,53,56,54,57,45,102,103,114,104,103,109,100,52,55,98,113,110,101,107,105,106,53,105,56,98,53,112,114,48,51,104,111,56,52,57,101,54,46,97,112,112,115,46,103,111,111,103,108,101,117,115,101,114,99,111,110,116,101,110,116,46,99,111,109,13,10,45,45,45,45,45,45,45,45,45,45,45,45,45,45,45,45,45,45,45,45,45,45,45,45,45,45,45,45,98,99,57,99,51,99,97,53,50,49,99,52,100,55,99,102,52,97,55,49,54,54,48,56,13,10,67,111,110,116,101,110,116,45,68,105,115,112,111,115,105,116,105,111,110,58,32,102,111,114,109,45,100,97,116,97,59,32,110,97,109,101,61,34,99,108,105,101,110,116,95,115,101,99,114,101,116,34,13,10,13,10,106,57,105,86,90,102,83,56,107,107,67,69,70,85,80,97,65,101,74,86,48,115,65,105,13,10,45,45,45,45,45,45,45,45,45,45,45,45,45,45,45,45,45,45,45,45,45,45,45,45,45,45,45,45,98,99,57,99,51,99,97,53,50,49,99,52,100,55,99,102,52,97,55,49,54,54,48,56,13,10,67,111,110,116,101,110,116,45,68,105,115,112,111,115,105,116,105,111,110,58,32,102,111,114,109,45,100,97,116,97,59,32,110,97,109,101,61,34,103,114,97,110,116,95,116,121,112,101,34,13,10,13,10,114,101,102,114,101,115,104,95,116,111,107,101,110,13,10,45,45,45,45,45,45,45,45,45,45,45,45,45,45,45,45,45,45,45,45,45,45,45,45,45,45,45,45,98,99,57,99,51,99,97,53,50,49,99,52,100,55,99,102,52,97,55,49,54,54,48,56,13,10,67,111,110,116,101,110,116,45,68,105,115,112,111,115,105,116,105,111,110,58,32,102,111,114,109,45,100,97,116,97,59,32,110,97,109,101,61,34,115,99,111,112,101,34,13,10,13,10,13,10,45,45,45,45,45,45,45,45,45,45,45,45,45,45,45,45,45,45,45,45,45,45,45,45,45,45,45,45,98,99,57,99,51,99,97,53,50,49,99,52,100,55,99,102,52,97,55,49,54,54,48,56,45,45,13,10]}}): Error: getaddrinfo ENOTFOUND www.googleapis.com
[error] Authentication Error: Your credentials are no longer valid. Please run firebase login --reauth

For CI servers and headless environments, generate a new token with firebase login:ci
[debug] [2026-07-30T07:52:12.068Z] Authentication Error: Your credentials are no longer valid. Please run firebase login --reauth

For CI servers and headless environments, generate a new token with firebase login:ci
[debug] [2026-07-30T07:52:17.089Z] Error: Timed out.
    at Timeout._onTimeout (C:\Users\Hp\AppData\Roaming\npm\node_modules\firebase-tools\lib\utils.js:296:49)
    at listOnTimeout (node:internal/timers:605:17)
    at process.processTimers (node:internal/timers:541:7)
[error] 
[error] Error: An unexpected error has occurred.
